2025-11-20 15:02:29,703 INFO o.a.j.u.JMeterUtils: Setting Locale to en_EN
2025-11-20 15:02:29,727 INFO o.a.j.JMeter: Loading user properties from: /opt/jmeter/bin/user.properties
2025-11-20 15:02:29,728 INFO o.a.j.JMeter: Loading system properties from: /opt/jmeter/bin/system.properties
2025-11-20 15:02:29,744 INFO o.a.j.JMeter: Copyright (c) 1998-2024 The Apache Software Foundation
2025-11-20 15:02:29,744 INFO o.a.j.JMeter: Version 5.6.3
2025-11-20 15:02:29,744 INFO o.a.j.JMeter: java.version=11.0.28
2025-11-20 15:02:29,745 INFO o.a.j.JMeter: java.vm.name=OpenJDK 64-Bit Server VM
2025-11-20 15:02:29,745 INFO o.a.j.JMeter: os.name=Linux
2025-11-20 15:02:29,745 INFO o.a.j.JMeter: os.arch=amd64
2025-11-20 15:02:29,745 INFO o.a.j.JMeter: os.version=6.14.0-35-generic
2025-11-20 15:02:29,745 INFO o.a.j.JMeter: file.encoding=UTF-8
2025-11-20 15:02:29,745 INFO o.a.j.JMeter: java.awt.headless=true
2025-11-20 15:02:29,745 INFO o.a.j.JMeter: Max memory     =1073741824
2025-11-20 15:02:29,745 INFO o.a.j.JMeter: Available Processors =12
2025-11-20 15:02:29,756 INFO o.a.j.JMeter: Default Locale=English (EN)
2025-11-20 15:02:29,757 INFO o.a.j.JMeter: JMeter  Locale=English (EN)
2025-11-20 15:02:29,757 INFO o.a.j.JMeter: JMeterHome=/opt/jmeter
2025-11-20 15:02:29,757 INFO o.a.j.JMeter: user.dir  =/home/ntkien/PROJECT--WEB-
2025-11-20 15:02:29,757 INFO o.a.j.JMeter: PWD       =/home/ntkien/PROJECT--WEB-
2025-11-20 15:02:29,757 INFO o.a.j.JMeter: IP: 127.0.1.1 Name: ntkien-Modern-15-A5M FullName: ntkien-Modern-15-A5M
2025-11-20 15:02:29,772 INFO o.a.j.JMeter: Setting property 'jmeter.reportgenerator.outputdir' to:'/home/ntkien/PROJECT--WEB-/report'
2025-11-20 15:02:29,773 ERROR o.a.j.JMeter: An error occurred: 
org.apache.jmeter.report.config.ConfigurationException: The file /home/ntkien/PROJECT--WEB-/test.jmx doesn't exist or can't be opened
	at org.apache.jmeter.JMeter.runNonGui(JMeter.java:950) ~[ApacheJMeter_core.jar:5.6.3]
	at org.apache.jmeter.JMeter.startNonGui(JMeter.java:940) ~[ApacheJMeter_core.jar:5.6.3]
	at org.apache.jmeter.JMeter.start(JMeter.java:508) [ApacheJMeter_core.jar:5.6.3]
	at java.base/jdk.internal.reflect.NativeMethodAccessorImpl.invoke0(Native Method) ~[?:?]
	at java.base/jdk.internal.reflect.NativeMethodAccessorImpl.invoke(NativeMethodAccessorImpl.java:62) ~[?:?]
	at java.base/jdk.internal.reflect.DelegatingMethodAccessorImpl.invoke(DelegatingMethodAccessorImpl.java:43) ~[?:?]
	at java.base/java.lang.reflect.Method.invoke(Method.java:566) ~[?:?]
	at org.apache.jmeter.NewDriver.main(NewDriver.java:259) [ApacheJMeter.jar:5.6.3]
